// Jest Snapshot v1, https://goo.gl/fbAQLP

exports[`renders correctly 1`] = `
<div
  className="container"
>
  <div
    className="row center-xs"
  >
    <div
      className="col-xs-12"
    >
      <div
        className="marketView__header"
      >
        <div
          className="marketView__image-wrapper"
        >
          <img
            alt=""
            className="marketView__logo"
            src="logo.png"
          />
        </div>
        <p
          className="marketView__heading"
        >
          Welcome to the Market view
        </p>
      </div>
    </div>
  </div>
  <div
    className="row center-xs"
  >
    <div
      className="col-xs-12"
    >
      <div
        className="search"
      >
        <h3
          className="search__text"
        >
          Search:
        </h3>
        <input
          className="search__input"
          onChange={[Function]}
          placeholder="Enter currency single code / currency pair / currency name"
          type="search"
          value=""
        />
      </div>
    </div>
  </div>
  <div
    className="row"
  >
    <div
      className="col-xs-12"
    >
      <div
        className="marketView__groups"
      >
        <div>
          <div
            className="instrumentGroup"
          >
            <div
              className="instrumentGroup__title"
            >
              <img
                alt="Bitcoin"
                className="instrumentGroup__image"
                src="/logo/btc.png"
              />
              <p
                className="instrumentGroup__title__text"
              >
                Bitcoin
              </p>
            </div>
          </div>
        </div>
        <div>
          <div
            className="instrumentGroup"
          >
            <div
              className="instrumentGroup__title"
            >
              <img
                alt="Ethereum"
                className="instrumentGroup__image"
                src="/logo/eth.png"
              />
              <p
                className="instrumentGroup__title__text"
              >
                Ethereum
              </p>
            </div>
          </div>
        </div>
        <div>
          <div
            className="instrumentGroup"
          >
            <div
              className="instrumentGroup__title"
            >
              <img
                alt="Ripple"
                className="instrumentGroup__image"
                src="/logo/xrp.png"
              />
              <p
                className="instrumentGroup__title__text"
              >
                Ripple
              </p>
            </div>
          </div>
        </div>
        <div>
          <div
            className="instrumentGroup"
          >
            <div
              className="instrumentGroup__title"
            >
              <img
                alt="Bitcoin cash"
                className="instrumentGroup__image"
                src="/logo/bch.png"
              />
              <p
                className="instrumentGroup__title__text"
              >
                Bitcoin cash
              </p>
            </div>
          </div>
        </div>
        <div>
          <div
            className="instrumentGroup"
          >
            <div
              className="instrumentGroup__title"
            >
              <img
                alt="Litecoin"
                className="instrumentGroup__image"
                src="/logo/ltc.png"
              />
              <p
                className="instrumentGroup__title__text"
              >
                Litecoin
              </p>
            </div>
          </div>
        </div>
      </div>
    </div>
  </div>
</div>
`;
